MAP
    NAME "sample"
    STATUS ON
    SIZE 200 200
    EXTENT 323000 6000000 664000 6624430
    UNITS METERS
    FONTSET /usr/share/fonts/truetype/msttcorefonts/font.list
    IMAGECOLOR 165 191 221
                
    #
    # Start of web interface definition
    #
    WEB
      
                IMAGEPATH "/tmp"
                IMAGEURL "/tmp"
                METADATA
                        "wms_title"     "Test"
                        "wms_feature_info_mime_type" "text/xml"
                        "wms_onlineresource"  "http://localhost/cgi-bin/mapserv?"
                        "wms_srs"       "EPSG:32721 EPSG:900913"
                END                 
               
    END  # Web
    
    PROJECTION
            "init=epsg:32721"
    END

    #
    # Start of layer definitions
    #
   LAYER
        DEBUG 5 
    CONNECTIONTYPE POSTGIS
    NAME "departamento"
    CONNECTION "user=yuppgis password=yuppgis dbname=gis host=localhost port=5432" 
    DATA "the_geom from departamento using unique gid"
    STATUS ON
    TYPE POLYGON 
    METADATA
      "wms_title"    "departamento"   ##required
      "gml_include_items"   "all"
      "wms_include_items"   "all"
    END
    PROJECTION
      "init=epsg:32721"   ##recommended
    END 
    CLASS
      COLOR 213 225 220
    END 
    DUMP TRUE
    
   END
   
   LAYER
    
    NAME "manzanas"
    METADATA
      "wms_title"    "manzanas"   ##required
      "gml_include_items"   "all"
      "wms_include_items"   "all"
    END
    CONNECTIONTYPE POSTGIS
    CONNECTION "user=yuppgis password=yuppgis dbname=gis host=localhost port=5432" 
    DATA "the_geom from manzanas using unique gid"
    STATUS ON
    TYPE POLYGON 
    PROJECTION
      "init=epsg:32721"   ##recommended
    END 
    CLASS
      COLOR 244 243 240
      OUTLINECOLOR 222 217 213
    END
    DUMP TRUE
    
   END
   
    LAYER
        DEBUG 5 
    CONNECTIONTYPE POSTGIS
    NAME "calles"
    CONNECTION "user=yuppgis password=yuppgis dbname=gis host=localhost port=5432" 
    DATA "the_geom from calles using unique gid"
    LABELITEM 'nom_calle'
    STATUS ON
    TYPE LINE 
    METADATA
      "wms_title"    "calles"   ##required
      "gml_include_items"   "all"
      "wms_include_items"   "all"
    END
    PROJECTION
      "init=epsg:32721"   ##recommended
    END 
    CLASS
	 STYLE
      COLOR 255 255 255
      OUTLINECOLOR 0 0 0
	END
    
    LABEL
	  COLOR  0 0 0
	  OUTLINECOLOR 255 255 255
	  FONT "arial"
	  TYPE truetype
	  SIZE 6
	  MINFEATURESIZE auto
	  MINDISTANCE 300
	  POSITION AUTO
	  PARTIALS FALSE
	END
END
    DUMP TRUE
    
   END
   
   LAYER
        DEBUG 5 
    CONNECTIONTYPE POSTGIS
    NAME "espaciosLibres"
    CONNECTION "user=yuppgis password=yuppgis dbname=gis host=localhost port=5432" 
    DATA "the_geom from espacioslibres using unique gid"
    LABELITEM 'nom_espaci'
    STATUS ON
    TYPE POLYGON
    METADATA
      "wms_title"    "espaciosLibres"   ##required
      "gml_include_items"   "all"
      "wms_include_items"   "all"
    END
    PROJECTION
      "init=epsg:32721"   ##recommended
    END 
    CLASS
      COLOR 200 222 173
    END 
    DUMP TRUE
    
   END

END
